// Jest Snapshot v1, https://goo.gl/fbAQLP

exports[`<App /> matches the snapshot 1`] = `
<div>
  <div>
    <div
      className="headerPortion"
    >
      <h1>
        Celebrity Anagram Finder
      </h1>
    </div>
    <div
      className="inputSubmitContainer"
    >
      <div>
        <select
          className="selector"
          id="anagramQuerySelect"
          name="anagramQuerySelect"
          onChange={[Function]}
        >
          <option
            className="celebrities"
            value="Celebrities"
          >
            Celebrities
          </option>
          <option
            className="general"
            value="General"
          >
            General
          </option>
        </select>
      </div>
      <div
        className="searchInput"
      >
        <input
          className="searchTextInput"
          defaultValue="Thanksmo,TRUMCDONALD,parsi/hl itno"
          onChange={[Function]}
          onKeyPress={[Function]}
          type="text"
        />
        <input
          onClick={[Function]}
          type="button"
          value="Search"
        />
      </div>
    </div>
    <div
      className="container"
    >
      <div>
        <p
          id="historyLabel"
        >
          Previous Searches
        </p>
        <div
          id="historyLabelArrows"
        />
      </div>
      <div
        className="resultsContainer"
      />
    </div>
    <div
      className="container"
    >
      <div
        className="lds-dual-ring"
        style={
          Object {
            "display": "none",
          }
        }
      />
    </div>
    <div />
  </div>
</div>
`;
