// Jest Snapshot v1, https://goo.gl/fbAQLP

exports[`<ResultsFound /> matches the snapshot 1`] = `
<div
  className="container"
>
  <table>
    <thead>
      <tr>
        <th>
          Anagram
        </th>
        <th>
          Name
        </th>
        <th>
          Match Rate
        </th>
      </tr>
    </thead>
    <tbody>
      <tr>
        <td>
          THANKSMO
        </td>
        <td>
          <a
            href="https://en.wikipedia.org/wiki/Tom Hanks"
            target="blank"
          >
            Tom Hanks
          </a>
        </td>
        <td>
          100%
        </td>
      </tr>
      <tr>
        <td>
          TRUMCDONALD
        </td>
        <td>
          <a
            href="https://en.wikipedia.org/wiki/Donald Trump"
            target="blank"
          >
            Donald Trump
          </a>
        </td>
        <td>
          100%
        </td>
      </tr>
    </tbody>
  </table>
  <div
    className="ResultsPageNumber"
  >
    <p
      className="previous"
      onClick={[Function]}
    >
       « 
    </p>
    <p>
      Showing 
      2
       of 
      2
    </p>
    <p
      className="next"
      onClick={[Function]}
    >
       » 
    </p>
  </div>
</div>
`;
