// Jest Snapshot v1, https://goo.gl/fbAQLP

exports[`<ResultsFound /> matches the snapshot 1`] = `
<ResultsFound
  results={
    Object {
      "THANKSMO": Array [
        Object {
          "Tom Hanks": "100%",
        },
      ],
      "THANKSMO2": Array [
        Object {
          "Tom Hanks": "100%",
        },
      ],
      "THANKSMO3": Array [
        Object {
          "Tom Hanks": "100%",
        },
      ],
      "THANKSMO4": Array [
        Object {
          "Tom Hanks": "100%",
        },
      ],
      "THANKSMO5": Array [
        Object {
          "Tom Hanks": "100%",
        },
      ],
      "THANKSMO6": Array [
        Object {
          "Tom Hanks": "100%",
        },
      ],
      "TRUMCDONALD": Array [
        Object {
          "Donald Trump": "100%",
        },
      ],
      "TRUMCDONALD2": Array [
        Object {
          "Donald Trump": "100%",
        },
      ],
      "TRUMCDONALD3": Array [
        Object {
          "Donald Trump": "100%",
        },
      ],
      "TRUMCDONALD4": Array [
        Object {
          "Donald Trump": "100%",
        },
      ],
      "TRUMCDONALD5": Array [
        Object {
          "Donald Trump": "100%",
        },
      ],
      "TRUMCDONALD6": Array [
        Object {
          "Donald Trump": "100%",
        },
      ],
    }
  }
>
  <div
    className="container"
  >
    <table>
      <thead>
        <tr>
          <th>
            Anagram
          </th>
          <th>
            Name
          </th>
          <th>
            Match Rate
          </th>
        </tr>
      </thead>
      <tbody>
        <tr
          key="THANKSMOTom Hanks"
        >
          <td>
            THANKSMO
          </td>
          <td>
            <a
              href="https://en.wikipedia.org/wiki/Tom Hanks"
              target="blank"
            >
              Tom Hanks
            </a>
          </td>
          <td>
            100%
          </td>
        </tr>
        <tr
          key="TRUMCDONALDDonald Trump"
        >
          <td>
            TRUMCDONALD
          </td>
          <td>
            <a
              href="https://en.wikipedia.org/wiki/Donald Trump"
              target="blank"
            >
              Donald Trump
            </a>
          </td>
          <td>
            100%
          </td>
        </tr>
        <tr
          key="THANKSMO2Tom Hanks"
        >
          <td>
            THANKSMO2
          </td>
          <td>
            <a
              href="https://en.wikipedia.org/wiki/Tom Hanks"
              target="blank"
            >
              Tom Hanks
            </a>
          </td>
          <td>
            100%
          </td>
        </tr>
        <tr
          key="TRUMCDONALD2Donald Trump"
        >
          <td>
            TRUMCDONALD2
          </td>
          <td>
            <a
              href="https://en.wikipedia.org/wiki/Donald Trump"
              target="blank"
            >
              Donald Trump
            </a>
          </td>
          <td>
            100%
          </td>
        </tr>
        <tr
          key="THANKSMO3Tom Hanks"
        >
          <td>
            THANKSMO3
          </td>
          <td>
            <a
              href="https://en.wikipedia.org/wiki/Tom Hanks"
              target="blank"
            >
              Tom Hanks
            </a>
          </td>
          <td>
            100%
          </td>
        </tr>
        <tr
          key="TRUMCDONALD3Donald Trump"
        >
          <td>
            TRUMCDONALD3
          </td>
          <td>
            <a
              href="https://en.wikipedia.org/wiki/Donald Trump"
              target="blank"
            >
              Donald Trump
            </a>
          </td>
          <td>
            100%
          </td>
        </tr>
        <tr
          key="THANKSMO4Tom Hanks"
        >
          <td>
            THANKSMO4
          </td>
          <td>
            <a
              href="https://en.wikipedia.org/wiki/Tom Hanks"
              target="blank"
            >
              Tom Hanks
            </a>
          </td>
          <td>
            100%
          </td>
        </tr>
        <tr
          key="TRUMCDONALD4Donald Trump"
        >
          <td>
            TRUMCDONALD4
          </td>
          <td>
            <a
              href="https://en.wikipedia.org/wiki/Donald Trump"
              target="blank"
            >
              Donald Trump
            </a>
          </td>
          <td>
            100%
          </td>
        </tr>
        <tr
          key="THANKSMO5Tom Hanks"
        >
          <td>
            THANKSMO5
          </td>
          <td>
            <a
              href="https://en.wikipedia.org/wiki/Tom Hanks"
              target="blank"
            >
              Tom Hanks
            </a>
          </td>
          <td>
            100%
          </td>
        </tr>
        <tr
          key="TRUMCDONALD5Donald Trump"
        >
          <td>
            TRUMCDONALD5
          </td>
          <td>
            <a
              href="https://en.wikipedia.org/wiki/Donald Trump"
              target="blank"
            >
              Donald Trump
            </a>
          </td>
          <td>
            100%
          </td>
        </tr>
      </tbody>
    </table>
    <ResultsPageNumber
      current={10}
      maximum={12}
      nextResults={[Function]}
      prevResults={[Function]}
    >
      <div
        className="ResultsPageNumber"
      >
        <p
          className="previous"
          onClick={[Function]}
        >
           
          «
           
        </p>
        <p>
          Showing 
          10
           of 
          12
        </p>
        <p
          className="next"
          onClick={[Function]}
        >
           
          »
           
        </p>
      </div>
    </ResultsPageNumber>
  </div>
</ResultsFound>
`;
